// Jest Snapshot v1, https://goo.gl/fbAQLP

exports[`Text shape Creates a shape: text 1`] = `
Object {
  "childIndex": 1,
  "id": "text",
  "name": "Text",
  "parentId": "page",
  "point": Array [
    0,
    0,
  ],
  "rotation": 0,
  "style": Object {
    "color": "black",
    "dash": "draw",
    "font": "Graphik Web",
    "isFilled": false,
    "listType": "none",
    "scale": 1,
    "size": "small",
    "textAlign": "start",
    "textDecoration": "none",
    "textWeight": "normal",
  },
  "text": " ",
  "type": "text",
}
`;
